// Jest Snapshot v1, https://goo.gl/fbAQLP

exports[`example 1`] = `3`;
